// Jest Snapshot v1, https://goo.gl/fbAQLP

exports[`e2e tests should export the same values from the main export than individual files 1`] = `
Object {
  "Col": [Function],
  "ConfigProvider": [Function],
  "Dev": [Function],
  "Grid": [Function],
  "Layout": [Function],
  "Offset": [Function],
  "Root": [Function],
  "asCol": [Function],
  "asGrid": [Function],
  "asLayout": [Function],
  "defaults": Object {
    "base": 8,
    "columns": 12,
    "displayAliases": Object {
      "large": Array [
        Object {
          "minWidth": "900px",
        },
        Object {
          "minDeviceWidth": "900px",
        },
      ],
      "medium": Array [
        Object {
          "maxWidth": "899px",
          "minWidth": "600px",
        },
        Object {
          "maxDeviceWidth": "899px",
          "minDeviceWidth": "600px",
        },
      ],
      "small": Array [
        Object {
          "maxWidth": "599px",
        },
        Object {
          "maxDeviceWidth": "599px",
        },
      ],
    },
    "fallbackDisplayKey": "default",
    "gutter": 3,
    "maxPageWidth": 153,
    "minPageWidth": 40,
    "pageMargin": Object {
      "large": 6,
      "medium": 6,
      "small": 1,
    },
    "spacingAliases": Object {
      "2XL": 6,
      "2XL/2": 3,
      "L": 3,
      "L/2": 1.5,
      "M": 2,
      "M/2": 1,
      "S": 1,
      "S/2": 0.5,
      "XL": 4,
      "XL/2": 2,
      "XS": 0.5,
    },
    "verticalGutter": 3,
  },
  "log": Object {
    "error": [Function],
    "info": [Function],
    "setLevel": [Function],
    "setLogger": [Function],
    "warn": [Function],
  },
  "utils": Object {
    "accumulateOver": [Function],
    "combineSpacing": [Function],
    "getCSS": [Function],
    "getValue": [Function],
    "getValues": [Function],
    "noop": [Function],
    "parseSpacing": [Function],
    "replaceSpacingAliases": [Function],
    "splitPattern": /\\(\\?:\\(\\?:\\\\s\\+\\)\\?,\\(\\?:\\\\s\\+\\)\\?\\|\\\\s\\+\\)/,
    "times": [Function],
    "toCXS": [Function],
    "validateSpacingProps": [Function],
  },
  "withContext": [Function],
  "withResolution": [Function],
}
`;
